Resolving dependencies...
Downloading packages...
+ archive 4.3.0
+ args 2.7.0
+ async 2.13.1
+ boolean_selector 2.1.2
+ camera 0.12.1
+ camera_android_camerax 0.7.5+1
+ camera_avfoundation 0.10.3+1 (0.11.0 available)
+ camera_platform_interface 2.14.0
+ camera_web 0.3.5+6
+ characters 1.4.1
+ clock 1.1.3
+ code_assets 2.1.0
+ collection 1.19.1
+ cross_file 0.3.5+5 (0.4.0 available)
+ crypto 3.0.7
+ cupertino_icons 1.0.9 (2.0.0 available)
+ dart_earcut 1.2.0
+ dart_polylabel2 1.0.0
+ dbus 0.7.15 (0.8.0 available)
+ fake_async 1.3.3
+ ffi 2.2.0
+ ffi_leak_tracker 0.1.2
+ file 7.0.1
+ file_selector_linux 0.9.4+1
+ file_selector_macos 0.9.5+1
+ file_selector_platform_interface 2.7.0
+ file_selector_windows 0.9.3+6
+ fixnum 1.1.1
+ flutter 0.0.0 from sdk flutter
+ flutter_compass 0.8.1
+ flutter_driver 0.0.0 from sdk flutter
+ flutter_lints 4.0.0 (6.0.0 available)
+ flutter_map 8.3.2
+ flutter_plugin_android_lifecycle 2.0.35
+ flutter_test 0.0.0 from sdk flutter
+ flutter_web_plugins 0.0.0 from sdk flutter
+ fuchsia_remote_debug_protocol 0.0.0 from sdk flutter
+ geoclue 0.1.1
+ geolocator 14.1.1
+ geolocator_android 5.1.1+1
+ geolocator_apple 2.3.14
+ geolocator_linux 0.2.6
+ geolocator_platform_interface 4.4.0
+ geolocator_web 4.1.4
+ geolocator_windows 0.2.5
+ gsettings 0.2.8 (0.2.9 available)
+ hooks 2.2.0
+ http 1.6.0
+ http_parser 4.1.2
+ image_picker 1.2.4
+ image_picker_android 0.8.13+25
+ image_picker_for_web 3.1.1
+ image_picker_ios 0.8.13+10
+ image_picker_linux 0.2.2
+ image_picker_macos 0.2.2+1
+ image_picker_platform_interface 2.11.2
+ image_picker_windows 0.2.2
+ integration_test 0.0.0 from sdk flutter
+ intl 0.20.3
+ jni 1.1.0
+ jni_flutter 1.0.4+1
+ jni_util 1.0.0
+ latlong2 0.9.1 (0.10.1 available)
+ leak_tracker 11.0.2
+ leak_tracker_flutter_testing 3.0.10
+ leak_tracker_testing 3.0.2
+ lints 4.0.0 (6.1.0 available)
+ logging 1.3.0
+ matcher 0.12.20
+ material_color_utilities 0.13.0 (0.13.1 available)
+ meta 1.19.0
+ mgrs_dart 3.0.0
+ mime 2.1.0
+ objective_c 9.6.2
+ package_config 3.0.0
+ package_info_plus 10.2.2
+ package_info_plus_platform_interface 4.1.0
+ path 1.9.1
+ path_provider 2.1.6
+ path_provider_android 2.3.1
+ path_provider_foundation 2.6.0
+ path_provider_linux 2.2.2
+ path_provider_platform_interface 2.1.3
+ path_provider_windows 2.3.0
+ petitparser 7.1.0
+ platform 3.2.0
+ plugin_platform_interface 2.1.8
+ posix 6.5.2
+ process 5.0.6
+ proj4dart 3.0.0
+ pub_semver 2.2.1
+ record_use 1.1.1
+ sensors_plus 7.1.1
+ sensors_plus_platform_interface 2.0.2
+ shared_preferences 2.5.6
+ shared_preferences_android 2.4.28
+ shared_preferences_foundation 2.5.7
+ shared_preferences_linux 2.4.1
+ shared_preferences_platform_interface 2.4.2
+ shared_preferences_web 2.4.3
+ shared_preferences_windows 2.4.1
+ simple_sparse_list 0.1.4
+ sky_engine 0.0.0 from sdk flutter
+ source_span 1.10.2
+ stack_trace 1.12.2
+ stream_channel 2.1.4
+ stream_transform 2.1.2
+ string_scanner 1.4.1
+ sync_http 0.3.1
+ term_glyph 1.2.2
+ test_api 0.7.12 (0.7.15 available)
+ typed_data 1.4.0
+ unicode 1.1.9
+ uuid 4.6.0
+ vector_math 2.4.3
+ vm_service 15.3.0
+ web 1.1.1
+ webdriver 3.2.0
+ win32 6.4.0
+ wkt_parser 2.0.0
+ xdg_directories 1.1.0
+ xml 7.1.0
+ yaml 3.1.4
Changed 123 dependencies!
10 packages have newer versions incompatible with dependency constraints.
Try `flutter pub outdated` for more information.
