OK PATCH /v1/apps/6819483788 200
OK GET /v1/apps/6819483788/appInfos 200
OK PATCH /v1/appInfos/0d674ed8-35a4-41d0-b043-34e3831c4f71 200
OK GET /v1/appInfos/0d674ed8-35a4-41d0-b043-34e3831c4f71/appInfoLocalizations 200
OK PATCH /v1/appInfoLocalizations/14d5f941-9686-4e5a-9ce7-19f814c9665f 200
OK PATCH /v1/ageRatingDeclarations/0d674ed8-35a4-41d0-b043-34e3831c4f71 200
OK GET /v1/apps/6819483788/appStoreVersions?limit=5 200
OK GET /v1/builds?filter[app]=6819483788&filter[processingState]=VALID&sort=-uploadedDate&limit=1 200
build 59 070bc779-e55a-4007-8e7d-db5811b97d34
OK PATCH /v1/appStoreVersions/7e7dd70a-9af1-4937-95d4-5330e0d8a519 200
OK GET /v1/appStoreVersions/7e7dd70a-9af1-4937-95d4-5330e0d8a519/appStoreVersionLocalizations 200
OK PATCH /v1/appStoreVersionLocalizations/16a0876c-c268-4084-baf0-161d1e21c5d6 200
OK GET /v1/appStoreVersionLocalizations/16a0876c-c268-4084-baf0-161d1e21c5d6/appScreenshotSets 200
OK POST /v1/appScreenshotSets 201
OK POST /v1/appScreenshots 201
upload 1-hedef part 200
OK PATCH /v1/appScreenshots/f3000019-6791-808c-8033-5642ea4487d5 200
OK POST /v1/appScreenshots 201
upload 2-tablo part 200
OK PATCH /v1/appScreenshots/e0400019-6791-808c-8009-7391559d02fa 200
OK POST /v1/appScreenshots 201
upload 3-pro part 200
OK PATCH /v1/appScreenshots/e3800019-6791-808c-8005-02a7f412ccd7 200
OK POST /v1/appScreenshots 201
upload 5-pro-ruzgar part 200
OK PATCH /v1/appScreenshots/2f000019-6791-808c-803c-4ecb766300f5 200
OK POST /v1/appScreenshots 201
upload 4-hava part 200
OK PATCH /v1/appScreenshots/3f800019-6791-808c-8008-0d998f210aa7 200
OK POST /v1/appScreenshots 201
upload 6-araclar part 200
OK PATCH /v1/appScreenshots/cb400019-6791-808c-801f-505949384728 200
OK GET /v1/apps/6819483788/appPricePoints?filter[territory]=USA&limit=1 200
OK POST /v1/appPriceSchedules 201
OK GET /v1/territories?limit=200 200
OK POST /v2/appAvailabilities 201