Monitoring boot status for iPhone 16 Pro (DC4CD8B3-4457-4153-9087-A0D7A2F9BFD9).
[2026-10-07 17:48:49 +0000] Status=2, isTerminal=NO, Elapsed=01:03.
	Waiting on Data Migration
		Reason:Running plugin com.apple.managedconfiguration.migrator (MCProfile.migrator, user-agnostic)
		Migration Elapsed:00:48 seconds

[2026-10-07 17:48:51 +0000] Status=2, isTerminal=NO, Elapsed=01:05.
	Waiting on Data Migration
		Reason:Running plugin com.apple.managedconfiguration.migrator (MCProfile.migrator, user-agnostic)
		Migration Elapsed:00:50 seconds

[2026-10-07 17:48:55 +0000] Status=2, isTerminal=NO, Elapsed=01:08.
	Waiting on Data Migration
		Reason:Running plugin com.apple.message.LegacyAccountsMigrator (LegacyMessageAccountsMigrator.migrator)
		Migration Elapsed:00:52 seconds

[2026-10-07 17:48:58 +0000] Status=2, isTerminal=NO, Elapsed=01:12.
	Waiting on Data Migration
		Reason:Running plugin com.apple.accounts.obsolescencemigrator (AccountsObsolescence.migrator)
		Migration Elapsed:00:55 seconds

[2026-10-07 17:49:02 +0000] Status=4, isTerminal=NO, Elapsed=01:16.
	Waiting on System App

[2026-10-07 17:49:07 +0000] Status=4294967295, isTerminal=YES, Elapsed=01:20.
	Finished

