Resolving dependencies...
Downloading packages...
  camera_avfoundation 0.10.3+1 (0.11.0 available)
  cross_file 0.3.5+5 (0.4.0 available)
  cupertino_icons 1.0.9 (2.0.0 available)
  dbus 0.7.15 (0.8.0 available)
  flutter_lints 4.0.0 (6.0.0 available)
  gsettings 0.2.8 (0.2.9 available)
  lints 4.0.0 (6.1.0 available)
  material_color_utilities 0.13.0 (0.13.1 available)
  test_api 0.7.12 (0.7.14 available)
Got dependencies!
9 packages have newer versions incompatible with dependency constraints.
Try `flutter pub outdated` for more information.
Building com.sniperturk.sniperTurk for simulator (ios)...
The following plugins do not support Swift Package Manager for ios:
  - flutter_compass
This will become an error in a future version of Flutter. Please contact the plugin maintainers to request Swift Package Manager adoption.
Running pod install...                                           1,359ms
Running Xcode build...                                          
Xcode build done.                                           133.2s
✓ Built build/ios/iphonesimulator/Runner.app
