== Devices ==
-- iOS 18.5 --
    iPhone 16 Pro (DC4CD8B3-4457-4153-9087-A0D7A2F9BFD9) (Shutdown) 
    iPhone 16 Pro Max (F1218AE5-3D29-4CE5-9D0F-6F21CEAA502C) (Shutdown) 
    iPhone 16e (51F5467F-16A9-4296-9C05-A74F91234967) (Shutdown) 
    iPhone 16 (F0E646EF-4792-4F36-B48B-EC89B3A6B73B) (Shutdown) 
    iPhone 16 Plus (183F93DA-9B72-40B1-AD0E-287526E4E9D5) (Shutdown) 
    iPhone SE (3rd generation) (22A3039C-6A45-47F4-82D4-80C58CA94379) (Shutdown) 
    iPad Pro 11-inch (M4) (2EDB2671-090C-4988-822E-421879ECE84C) (Shutdown) 
    iPad Pro 13-inch (M4) (AFBB202F-0F39-4DD8-8C47-DAB97D7D9DF2) (Shutdown) 
    iPad mini (A17 Pro) (773C1AA1-17A9-4EC1-8BE5-D4BB00DF3AC1) (Shutdown) 
    iPad (A16) (7222C0FB-7BCD-457A-AD32-76C948D2602F) (Shutdown) 
    iPad Air 13-inch (M3) (9747906A-4708-4563-B8B9-1FE571CEA8C5) (Shutdown) 
    iPad Air 11-inch (M3) (238ABD15-A231-49EB-9A8E-2A18835D05E4) (Shutdown) 
    iPad Air 11-inch (M2) (FB985C96-A632-42FC-A064-57F80EA1A0AF) (Shutdown) 
    iPad Air 13-inch (M2) (DEC44A2A-1119-4A2D-89C9-0A7E48485C1E) (Shutdown) 
    iPad (10th generation) (B7718686-AA2A-4157-8E04-7FA4AE6F7BD0) (Shutdown) 
-- iOS 18.6 --
    iPhone 16 Pro (7FF9581C-A82C-472C-B005-492B077D1038) (Shutdown) 
    iPhone 16 Pro Max (BAE7F30B-6707-4BF4-8375-FE75C94DD2FA) (Shutdown) 
    iPhone 16e (8CBC396B-9510-42FF-AC70-614F5BD0FC86) (Shutdown) 
    iPhone 16 (02010C24-263D-445A-8934-74FE019F15CA) (Shutdown) 
    iPhone 16 Plus (102FCD1A-4F6B-4B15-ABA9-774BC75ADB11) (Shutdown) 
    iPhone SE (3rd generation) (8938AAA2-76B5-4D49-A228-383499B04C02) (Shutdown) 
    iPad Pro 11-inch (M4) (41C766F4-A950-4049-81B8-1B578B5804D8) (Shutdown) 
    iPad Pro 13-inch (M4) (DD335931-190E-4075-B666-91C698C0CDEC) (Shutdown) 
    iPad (A16) (458323E3-9E85-4764-B868-F02CE9C4ADF0) (Shutdown) 
    iPad Air 13-inch (M3) (24D6FA4F-CB44-41E0-B6E8-91374A95E4CA) (Shutdown) 
    iPad Air 11-inch (M3) (A1F6F219-8660-4BC0-B7E9-17BEE98456F5) (Shutdown) 
    iPad Air 11-inch (M2) (6CE4BAD1-E547-4D95-B130-FBCDCE49282B) (Shutdown) 
    iPad Air 13-inch (M2) (6AF871A0-5FC9-4DA0-92D3-D60A3F3986E0) (Shutdown) 
    iPad mini (A17 Pro) (417FB14E-FFC0-4FB1-B6D6-BA85C2FFC3D5) (Shutdown) 
    iPad (10th generation) (FF8C8404-A040-4C69-BE4F-258FA2571EA2) (Shutdown) 
-- iOS 26.0 --
    iPhone 17 Pro (517BAAA1-7BAB-4B50-8B25-04EF0238019B) (Shutdown) 
    iPhone 17 Pro Max (CA359E70-5E9C-400C-A7E1-34013F7B088A) (Shutdown) 
    iPhone Air (AB0FB058-2DF8-4824-A382-91FE8566B342) (Shutdown) 
    iPhone 17 (003F24D4-BA1A-4D48-A26E-C14D511E7472) (Shutdown) 
    iPhone 16 Pro (3C00406B-9DB5-4106-B5FD-132C84BF188A) (Shutdown) 
    iPhone 16 Pro Max (E1605B84-CF5A-4193-878D-3623BD8B90AE) (Shutdown) 
    iPhone 16e (4118C2C1-7E78-41EB-B816-3C75C7076F1E) (Shutdown) 
    iPhone 16 (2D9C6CF6-FA7D-4D87-84C4-D5FA503F22B9) (Shutdown) 
    iPhone 16 Plus (2EE15100-41A2-4790-893A-050FC5FE5AA8) (Shutdown) 
    iPhone SE (3rd generation) (F3967A6C-63E1-4323-9EA7-6C26D42F77A3) (Shutdown) 
    iPad Pro 13-inch (M5) (7EBB23D5-64E2-4DDB-B24F-86C16A07ED26) (Shutdown) 
    iPad Pro 11-inch (M5) (07E2DE8A-D138-4013-A250-9EDE31AAB9DE) (Shutdown) 
    iPad Pro 11-inch (M4) (CE25E477-AAC4-469F-9343-301D5ABCD9BC) (Shutdown) 
    iPad Pro 13-inch (M4) (1A4FA0DD-F5CE-49FF-A6E2-1CAC22BE4C80) (Shutdown) 
    iPad mini (A17 Pro) (B12E6DD0-E867-4D26-BFBA-2BD9C3D55DBD) (Shutdown) 
    iPad (A16) (3869DFDE-0197-4B91-915D-90B3D279FE15) (Shutdown) 
    iPad Air 13-inch (M3) (1262447B-91B2-4C0C-90E8-36537D183683) (Shutdown) 
    iPad Air 11-inch (M3) (244E1618-3993-4A44-B213-FA496A601843) (Shutdown) 
    iPad Air 11-inch (M2) (5DCA7372-1294-4245-AADE-E9938CC9119F) (Shutdown) 
    iPad Air 13-inch (M2) (DC7ED953-B711-4AC8-A414-A7008BA50DAD) (Shutdown) 
    iPad (10th generation) (5A7C2682-DC41-42B4-A065-6477314C6107) (Shutdown) 
-- iOS 26.1 --
    iPhone 17 Pro (DBAE96AF-90B5-4387-B859-66348EF015C7) (Shutdown) 
    iPhone 17 Pro Max (1BF1F2D9-05B4-4B31-BE19-1031B4A0EA80) (Shutdown) 
    iPhone Air (55DF797C-6847-4575-ABFA-4E2A08520774) (Shutdown) 
    iPhone 17 (3D025AD9-C9BB-46A3-BCB4-B84F592C53A0) (Shutdown) 
    iPhone 16 Pro (3F7F71D8-9EE4-4B63-84A8-6EBD0C5017BE) (Shutdown) 
    iPhone 16 Pro Max (920BDAA4-BD69-4998-9337-3B06B2C584F4) (Shutdown) 
    iPhone 16e (A1D6E20D-5C3F-46E8-88C8-9A88DB2C1D0E) (Shutdown) 
    iPhone 16 (6D9FD9BD-F027-4EE5-83A6-BC98ED2603B0) (Shutdown) 
    iPhone 16 Plus (C1337AE6-D82D-4C09-B0BA-4437460B306E) (Shutdown) 
    iPhone SE (3rd generation) (3EF44343-CDF7-4757-BAE2-47B813D8FF60) (Shutdown) 
    iPad Pro 13-inch (M5) (B673CC61-F30B-479A-9672-FA680127EE1F) (Shutdown) 
    iPad Pro 11-inch (M5) (165A6108-1D5C-4AFB-94C8-64E25DA3E7B5) (Shutdown) 
    iPad Pro 11-inch (M4) (38A0995A-759F-417D-ACED-70D43D6DBB82) (Shutdown) 
    iPad Pro 13-inch (M4) (380AF256-AA90-49F1-BC8E-618736C734CB) (Shutdown) 
    iPad (A16) (BAD1706E-E13F-444D-B19F-C7A451E7774A) (Shutdown) 
    iPad Air 13-inch (M3) (40C16C1A-5BA0-41C6-99A5-355F9CBACD9F) (Shutdown) 
    iPad Air 11-inch (M3) (5DE60B78-C540-4CAE-BF3B-D31601C7ABBB) (Shutdown) 
    iPad Air 11-inch (M2) (B5D41CE2-3444-4312-8351-5A2B58E90C26) (Shutdown) 
    iPad Air 13-inch (M2) (D3B307C6-3981-42AF-9708-E15A72BECF2D) (Shutdown) 
    iPad mini (A17 Pro) (CFF66741-12D5-44BF-BABB-29622D014BE2) (Shutdown) 
    iPad (10th generation) (388BAFD3-DA76-4ACF-AB96-CB8111ABF99E) (Shutdown) 
-- iOS 26.2 --
    iPhone 17 Pro (E952A9B0-CC78-435C-BF08-06AD47FE1076) (Shutdown) 
    iPhone 17 Pro Max (4C675116-265D-488F-BFFA-836A4545674C) (Shutdown) 
    iPhone Air (1CE1A334-F45C-4216-823B-EE5E6389838F) (Shutdown) 
    iPhone 17 (22970779-4A47-463E-8B6D-CC012359B320) (Shutdown) 
    iPhone 16 Pro (291E4B86-C951-41A7-8327-84BF0304D0A9) (Shutdown) 
    iPhone 16 Pro Max (9F3D563E-AF8A-4089-B32E-3ADADEB067F0) (Shutdown) 
    iPhone 16e (1ECD563C-BBBB-42E5-9A9F-648809113BF6) (Shutdown) 
    iPhone 16 (2911FD29-A09E-4A81-BEA7-99A616FB7FC8) (Shutdown) 
    iPhone 16 Plus (CFF67BF1-533D-480D-9A76-F1EADAD339C7) (Shutdown) 
    iPhone SE (3rd generation) (48B2DA2E-AF18-4E36-BB25-B25969A4EBCF) (Shutdown) 
    iPad Pro 13-inch (M5) (0DE52589-6E0B-47D4-B4A7-7E4E3D9C1049) (Shutdown) 
    iPad Pro 11-inch (M5) (93F8D73D-86A4-455D-8E33-EFA55B5760E4) (Shutdown) 
    iPad Pro 11-inch (M4) (FABE5896-BAF4-4220-8AFE-C1E31625D4DC) (Shutdown) 
    iPad Pro 13-inch (M4) (5A602664-A209-462C-9B02-6E51FACDFED6) (Shutdown) 
    iPad mini (A17 Pro) (9D9BF050-F6F5-4D32-84C0-4B7AC57F63EF) (Shutdown) 
    iPad (A16) (E1D34F4A-69A6-4E07-8C9F-D5E775E2A416) (Shutdown) 
    iPad Air 13-inch (M3) (8C025F3C-2545-40A5-AC87-FF534DB84D42) (Shutdown) 
    iPad Air 11-inch (M3) (EF008AE9-B743-4A49-A8AD-A27FD9CCAE52) (Shutdown) 
    iPad Air 11-inch (M2) (28EB6DDD-01F7-42F7-B1FF-56CC398818EB) (Shutdown) 
    iPad Air 13-inch (M2) (6235A74F-E996-4A4A-B5B9-91A8A87F50EE) (Shutdown) 
    iPad (10th generation) (AC7BF8FD-BAB0-4374-A4F7-52ABA082B92E) (Shutdown) 
-- tvOS 18.5 --
    Apple TV 4K (3rd generation) (ED2B3594-DA8E-4DC7-B32C-88299CB58F68) (Shutdown) 
    Apple TV 4K (3rd generation) (at 1080p) (BBD101F3-B853-452F-9D66-2BCD6CE40DF1) (Shutdown) 
    Apple TV (9D321901-4874-4778-9381-C8CB9585A5DE) (Shutdown) 
-- tvOS 26.1 --
    Apple TV 4K (3rd generation) (E4B678D1-F901-4F97-8FFA-6ECA9A4A31DE) (Shutdown) 
    Apple TV 4K (3rd generation) (at 1080p) (235F618C-8B57-45F8-932D-2288D2254EC9) (Shutdown) 
    Apple TV (8C823284-2216-40F6-A00A-F56D1078A8E9) (Shutdown) 
-- tvOS 26.2 --
    Apple TV 4K (3rd generation) (A4C43FCF-105F-4952-9BA7-C092B7CF467A) (Shutdown) 
    Apple TV 4K (3rd generation) (at 1080p) (311DFCE0-B221-4FF6-A9D8-B35E399D430F) (Shutdown) 
    Apple TV (6E303F13-1DA2-4A93-8ED9-187C6036E716) (Shutdown) 
-- watchOS 11.5 --
    Apple Watch Series 10 (46mm) (5CEB5B40-D06C-4798-9C06-C4D074009A67) (Shutdown) 
    Apple Watch Series 10 (42mm) (8B7C128D-3DC1-4113-9C6B-27BEBCD7276F) (Shutdown) 
    Apple Watch Ultra 2 (49mm) (D985DDDE-F756-466C-AE4F-F3A329F69FB5) (Shutdown) 
    Apple Watch SE (44mm) (2nd generation) (0BCC5361-3077-41E5-92A6-B96E4C803CEC) (Shutdown) 
    Apple Watch SE (40mm) (2nd generation) (E906BAA9-1AD0-45F1-A534-A215A3C5AE6C) (Shutdown) 
-- watchOS 26.1 --
    Apple Watch Series 11 (46mm) (A696AF57-89D8-49CC-A667-3590CA06E95E) (Shutdown) 
    Apple Watch Series 11 (42mm) (8B0834CD-5430-4A24-856E-AEB91CABBCC2) (Shutdown) 
    Apple Watch Series 10 (46mm) (A51534E7-EB72-465D-BE86-629AC2A8B5CB) (Shutdown) 
    Apple Watch Series 10 (42mm) (C4ADA140-FEB3-4432-AB72-4AD48E0DF7D2) (Shutdown) 
    Apple Watch Ultra 3 (49mm) (6F25CED5-77F5-4E06-ABD6-3934BB5F9A55) (Shutdown) 
    Apple Watch Ultra 2 (49mm) (3003DCCD-789A-47AB-8CDC-E0EA2ADEC99A) (Shutdown) 
    Apple Watch SE 3 (44mm) (E6F5CD49-3D63-4463-BF4F-30A09D15631C) (Shutdown) 
    Apple Watch SE 3 (40mm) (5B96F8C0-2268-46AD-9290-BAFC7E94A298) (Shutdown) 
    Apple Watch SE (44mm) (2nd generation) (950AFA9C-E0CA-4532-B229-3EDF0A09276C) (Shutdown) 
    Apple Watch SE (40mm) (2nd generation) (DA0E3B7D-DFAC-49E6-A33D-170B661892E7) (Shutdown) 
-- watchOS 26.2 --
    Apple Watch Series 11 (46mm) (F9625BA5-83D5-445D-A5C0-0767BE5CDBD5) (Shutdown) 
    Apple Watch Series 11 (42mm) (4244F97E-CC09-4E7C-A7D9-3869305998DC) (Shutdown) 
    Apple Watch Series 10 (46mm) (597EB14A-3CFE-4718-8961-8FAB6474710C) (Shutdown) 
    Apple Watch Series 10 (42mm) (21BF5784-CC85-4DEC-93D9-27D928BA1835) (Shutdown) 
    Apple Watch Ultra 3 (49mm) (417A7017-FD6A-4A50-9C62-54F34DF86C43) (Shutdown) 
    Apple Watch Ultra 2 (49mm) (8942A10A-00F3-4120-A054-24DD1A111165) (Shutdown) 
    Apple Watch SE 3 (44mm) (D67E2B20-D2ED-40CC-952B-622F115FD82A) (Shutdown) 
    Apple Watch SE 3 (40mm) (B6363017-FC03-439C-965A-CCF7B08000F7) (Shutdown) 
    Apple Watch SE (44mm) (2nd generation) (8B1C887A-ECE4-4D6A-9670-BEEDA4976C43) (Shutdown) 
    Apple Watch SE (40mm) (2nd generation) (3C75AC5A-ED4F-4408-8A7B-730768DB1CBF) (Shutdown) 
-- visionOS 2.3 --
    Apple Vision Pro (EFC27B51-A1AC-4C44-A0CE-43F84B5F0B68) (Shutdown) 
-- visionOS 2.4 --
    Apple Vision Pro (136F9422-A9E1-4C19-88AF-45BB818E37BB) (Shutdown) 
-- visionOS 2.5 --
    Apple Vision Pro (0C5BF083-23A9-419B-9CBD-8E2AA7E26265) (Shutdown) 
-- visionOS 26.1 --
    Apple Vision Pro (EB17C5F7-7C10-47FF-9344-F550DB0D244F) (Shutdown) 
-- visionOS 26.2 --
    Apple Vision Pro (62E72748-B3EC-4F87-AAD9-DE47D54B7B63) (Shutdown) 
