Resolving dependencies...
Downloading packages...
  camera_avfoundation 0.10.3+1 (0.11.0 available)
  cross_file 0.3.5+5 (0.4.0 available)
  cupertino_icons 1.0.9 (2.0.0 available)
  dbus 0.7.15 (0.8.0 available)
  flutter_lints 4.0.0 (6.0.0 available)
  gsettings 0.2.8 (0.2.9 available)
  image_picker 1.2.3 (1.2.4 available)
  image_picker_platform_interface 2.11.1 (2.11.2 available)
  latlong2 0.9.1 (0.10.1 available)
  lints 4.0.0 (6.1.0 available)
  material_color_utilities 0.13.0 (0.13.1 available)
  shared_preferences 2.5.5 (2.5.6 available)
  test_api 0.7.12 (0.7.14 available)
Got dependencies!
13 packages have newer versions incompatible with dependency constraints.
Try `flutter pub outdated` for more information.
00:00 +0: loading /Users/runner/work/flutter-app/flutter-app/integration_test/app_launch_test.dart
The following plugins do not support Swift Package Manager for ios:
  - flutter_compass
This will become an error in a future version of Flutter. Please contact the plugin maintainers to request Swift Package Manager adoption.
Running Xcode build...                                          
Xcode build done.                                           106.9s
00:00 +0: production app launches and core routes open on iOS
══╡ EXCEPTION CAUGHT BY FLUTTER TEST FRAMEWORK ╞════════════════════════════════════════════════════
The following TestFailure was thrown running a test:
Expected: exactly one matching candidate
  Actual: _TextWidgetFinder:<Found 0 widgets with text "KİLİTLİ": []>
   Which: means none were found but one was expected

When the exception was thrown, this was the stack:
#4      main.<anonymous closure> (file:///Users/runner/work/flutter-app/flutter-app/integration_test/app_launch_test.dart:167:5)
<asynchronous suspension>
#5      testWidgets.<anonymous closure>.<anonymous closure> (package:flutter_test/src/widget_tester.dart:192:15)
<asynchronous suspension>
#6      TestWidgetsFlutterBinding._runTestBody (package:flutter_test/src/binding.dart:1953:5)
<asynchronous suspension>
<asynchronous suspension>
(elided one frame from package:stack_trace)

This was caught by the test expectation on the following line:
  file:///Users/runner/work/flutter-app/flutter-app/integration_test/app_launch_test.dart line 167
The test description was:
  production app launches and core routes open on iOS
════════════════════════════════════════════════════════════════════════════════════════════════════
00:23 +0 -1: production app launches and core routes open on iOS [E]
  Test failed. See exception logs above.
  The test description was: production app launches and core routes open on iOS
  
00:23 +0 -1: (tearDownAll)
00:33 +0 -1: Some tests failed.

Failing tests:
  /Users/runner/work/flutter-app/flutter-app/integration_test/app_launch_test.dart: production app launches and core routes open on iOS
