FLUTTER TOOLCHAIN VERIFY: OK — Flutter 3.47.2
Recreating project ....
  ios/Runner.xcworkspace/contents.xcworkspacedata (created)
  ios/Runner.xcworkspace/xcshareddata/IDEWorkspaceChecks.plist (created)
  ios/Runner.xcworkspace/xcshareddata/WorkspaceSettings.xcsettings (created)
  ios/RunnerTests/RunnerTests.swift (created)
  ios/Runner/Info.plist (created)
  ios/Runner/Runner-Bridging-Header.h (created)
  ios/Runner/Assets.xcassets/LaunchImage.imageset/LaunchImage@2x.png (created)
  ios/Runner/Assets.xcassets/LaunchImage.imageset/README.md (created)
  ios/Runner/Assets.xcassets/LaunchImage.imageset/Contents.json (created)
  ios/Runner/Assets.xcassets/LaunchImage.imageset/LaunchImage@3x.png (created)
  ios/Runner/Assets.xcassets/LaunchImage.imageset/LaunchImage.png (created)
  ios/Runner/Assets.xcassets/AppIcon.appiconset/Icon-App-29x29@1x.png (created)
  ios/Runner/Assets.xcassets/AppIcon.appiconset/Icon-App-20x20@3x.png (created)
  ios/Runner/Assets.xcassets/AppIcon.appiconset/Icon-App-29x29@2x.png (created)
  ios/Runner/Assets.xcassets/AppIcon.appiconset/Icon-App-60x60@3x.png (created)
  ios/Runner/Assets.xcassets/AppIcon.appiconset/Icon-App-83.5x83.5@2x.png (created)
  ios/Runner/Assets.xcassets/AppIcon.appiconset/Icon-App-1024x1024@1x.png (created)
  ios/Runner/Assets.xcassets/AppIcon.appiconset/Icon-App-40x40@2x.png (created)
  ios/Runner/Assets.xcassets/AppIcon.appiconset/Icon-App-40x40@1x.png (created)
  ios/Runner/Assets.xcassets/AppIcon.appiconset/Icon-App-76x76@1x.png (created)
  ios/Runner/Assets.xcassets/AppIcon.appiconset/Contents.json (created)
  ios/Runner/Assets.xcassets/AppIcon.appiconset/Icon-App-76x76@2x.png (created)
  ios/Runner/Assets.xcassets/AppIcon.appiconset/Icon-App-40x40@3x.png (created)
  ios/Runner/Assets.xcassets/AppIcon.appiconset/Icon-App-29x29@3x.png (created)
  ios/Runner/Assets.xcassets/AppIcon.appiconset/Icon-App-20x20@2x.png (created)
  ios/Runner/Assets.xcassets/AppIcon.appiconset/Icon-App-60x60@2x.png (created)
  ios/Runner/Assets.xcassets/AppIcon.appiconset/Icon-App-20x20@1x.png (created)
  ios/Runner/Base.lproj/LaunchScreen.storyboard (created)
  ios/Runner/Base.lproj/Main.storyboard (created)
  ios/Runner/AppDelegate.swift (created)
  ios/Runner/SceneDelegate.swift (created)
  ios/Runner.xcodeproj/project.xcworkspace/contents.xcworkspacedata (created)
  ios/Runner.xcodeproj/project.xcworkspace/xcshareddata/IDEWorkspaceChecks.plist (created)
  ios/Runner.xcodeproj/project.xcworkspace/xcshareddata/WorkspaceSettings.xcsettings (created)
  ios/Runner.xcodeproj/project.pbxproj (created)
  ios/Runner.xcodeproj/xcshareddata/xcschemes/Runner.xcscheme (created)
  ios/Flutter/Debug.xcconfig (created)
  ios/Flutter/Release.xcconfig (created)
  ios/Flutter/AppFrameworkInfo.plist (created)
  ios/.gitignore (created)
  sniper_turk.iml (created)
  .idea/runConfigurations/main_dart.xml (created)
  .idea/libraries/Dart_SDK.xml (created)
  .idea/libraries/KotlinJavaRuntime.xml (created)
  .idea/modules.xml (created)
  .idea/workspace.xml (created)
  test/widget_test.dart (created)
Resolving dependencies...
Downloading packages...
Got dependencies.
Upgrading analysis_options.yaml to exclude build and platform directories.
Wrote 47 files.

All done!
You can find general documentation for Flutter at: https://docs.flutter.dev/
Detailed API documentation is available at: https://api.flutter.dev/
If you prefer video documentation, consider: https://www.youtube.com/c/flutterdev

In order to run your application, type:

  $ flutter run

Your application code is in ./lib/main.dart.

flutter create rewrote pubspec.lock; restoring the committed lockfile
Resolving dependencies...
Downloading packages...
  archive 4.3.0 (4.4.0 available)
  camera_avfoundation 0.10.3+1 (0.11.0 available)
  cross_file 0.3.5+5 (0.4.0 available)
  cupertino_icons 1.0.9 (2.0.0 available)
  dbus 0.7.15 (0.8.0 available)
  flutter_lints 4.0.0 (6.0.0 available)
  gsettings 0.2.8 (0.2.9 available)
  image 4.10.1 (4.10.2 available)
  image_picker 1.2.3 (1.2.4 available)
  image_picker_ios 0.8.13+9 (0.8.13+10 available)
  image_picker_platform_interface 2.11.1 (2.11.2 available)
  latlong2 0.9.1 (0.10.1 available)
  lints 4.0.0 (6.1.0 available)
  material_color_utilities 0.13.0 (0.13.1 available)
  qr 3.0.2 (4.0.0 available)
  shared_preferences 2.5.5 (2.5.6 available)
  test_api 0.7.12 (0.7.15 available)
Got dependencies!
17 packages have newer versions incompatible with dependency constraints.
Try `flutter pub outdated` for more information.
Google Maps key absent: Esri map is used
iOS app icon and launch screen installed
Runner privacy manifest copied and wired into Copy Bundle Resources
iOS scaffold contract verified with Flutter 3.47.2
